[20:05:40] [main/INFO]: Loading Minecraft 1.20.4 with Fabric Loader 0.16.10
[20:05:40] [main/INFO]: Loading 56 mods:
        - fabric-api 0.97.2+1.20.4
           |-- fabric-api-base 0.4.37+78d798af4f
           |-- fabric-api-lookup-api-v1 1.6.50+82b1bb3e4f
           |-- fabric-biome-api-v1 13.0.17+78d798af4f
           |-- fabric-block-api-v1 1.0.17+3e2216cb4f
           |-- fabric-block-view-api-v2 1.0.5+78d798af4f
           |-- fabric-blockrenderlayer-v1 1.1.47+78d798af4f
           |-- fabric-client-tags-api-v1 1.1.8+78d798af4f
           |-- fabric-command-api-v1 1.2.42+f71b366f4f
           |-- fabric-command-api-v2 2.2.21+78d798af4f
           |-- fabric-commands-v0 0.2.59+df3654b34f
           |-- fabric-containers-v0 0.1.88+df3654b34f
           |-- fabric-content-registries-v0 5.0.16+78d798af4f
           |-- fabric-convention-tags-v1 1.5.11+78d798af4f
           |-- fabric-crash-report-info-v1 0.2.24+78d798af4f
           |-- fabric-data-attachment-api-v1 1.1.5+b90db5744f
           |-- fabric-data-generation-api-v1 13.2.6+5c0133444f
           |-- fabric-dimensions-v1 2.1.63+6605d1a84f
           |-- fabric-entity-events-v1 1.6.2+09fc25014f
           |-- fabric-events-interaction-v0 0.7.2+389931eb4f
           |-- fabric-events-lifecycle-v0 0.2.75+df3654b34f
           |-- fabric-game-rule-api-v1 1.0.47+78d798af4f
           |-- fabric-item-api-v1 2.3.0+bcdd12964f
           |-- fabric-item-group-api-v1 4.0.27+ee30b13a4f
           |-- fabric-key-binding-api-v1 1.0.42+78d798af4f
           |-- fabric-keybindings-v0 0.2.40+df3654b34f
           |-- fabric-lifecycle-events-v1 2.3.1+a67ffb5d4f
           |-- fabric-loot-api-v2 2.1.10+78d798af4f
           |-- fabric-message-api-v1 6.0.6+78d798af4f
           |-- fabric-mining-level-api-v1 2.1.66+78d798af4f
           |-- fabric-model-loading-api-v1 1.0.9+78d798af4f
           |-- fabric-models-v0 0.4.8+9386d8a74f
           |-- fabric-networking-api-v1 3.1.9+6abb6a4b4f
           |-- fabric-object-builder-api-v1 13.1.0+dba1195c4f
           |-- fabric-particles-v1 1.1.8+78d798af4f
           |-- fabric-recipe-api-v1 2.0.22+78d798af4f
           |-- fabric-registry-sync-v0 4.0.21+ee30b13a4f
           |-- fabric-renderer-api-v1 3.2.5+78d798af4f
           |-- fabric-renderer-indigo 1.5.6+d331d3144f
           |-- fabric-renderer-registries-v1 3.2.54+df3654b34f
           |-- fabric-rendering-data-attachment-v1 0.3.43+73761d2e4f
           |-- fabric-rendering-fluids-v1 3.1.2+e761c6694f
           |-- fabric-rendering-v0 1.1.57+df3654b34f
           |-- fabric-rendering-v1 3.2.1+6fd945a04f
           |-- fabric-resource-conditions-api-v1 2.3.15+78d798af4f
           |-- fabric-resource-loader-v0 0.11.21+ee30b13a4f
           |-- fabric-screen-api-v1 2.0.18+78d798af4f
           |-- fabric-screen-handler-api-v1 1.3.57+78d798af4f
           |-- fabric-sound-api-v1 1.0.18+78d798af4f
           |-- fabric-transfer-api-v1 4.0.12+90f2d7b14f
           \-- fabric-transitive-access-wideners-v1 5.0.15+78d798af4f
        - fabricloader 0.16.10
           \-- mixinextras 0.4.1
        - java 17
        - minecraft 1.20.4
        - mtr 4.0.0-beta.15
[20:05:40] [main/INFO]: SpongePowered MIXIN Subsystem Version=0.8.7 Source=file:/F:/Desktop/all_in_1/data/ccs/mps/4/.minecraft/libraries/net/fabricmc/sponge-mixin/0.15.4+mixin.0.8.7/sponge-mixin-0.15.4+mixin.0.8.7.jar Service=Knot/Fabric Env=CLIENT
[20:05:41] [main/INFO]: Compatibility level set to JAVA_17
[20:05:42] [main/INFO]: Initializing MixinExtras via com.llamalad7.mixinextras.service.MixinExtrasServiceImpl(version=0.4.1).
[20:05:49] [Datafixer Bootstrap/INFO]: 198 Datafixer optimizations took 220 milliseconds
[20:05:52] [Render thread/INFO]: Environment: Environment[sessionHost=https://sessionserver.mojang.com, servicesHost=https://api.minecraftservices.com, name=PROD]
[20:05:52] [Render thread/INFO]: Setting user: zyc
[20:05:52] [Render thread/INFO]: Starting Minecraft with arguments:
-Xmx1655m
-Dfile.encoding=GB18030
-Dsun.stdout.encoding=GB18030
-Dsun.stderr.encoding=GB18030
-Djava.rmi.server.useCodebaseOnly=true
-Dcom.sun.jndi.rmi.object.trustURLCodebase=false
-Dcom.sun.jndi.cosnaming.object.trustURLCodebase=false
-Dlog4j2.formatMsgNoLookups=true
-Dlog4j.configurationFile=F:\Desktop\all_in_1\games\..\data\ccs\mps\4\.minecraft\versions\MTR1.20.4\log4j2.xml
-Dminecraft.client.jar=..\data\ccs\mps\4\.minecraft\versions\MTR1.20.4\MTR1.20.4.jar
-XX:+UnlockExperimentalVMOptions
-XX:+UseG1GC
-XX:G1NewSizePercent=20
-XX:G1ReservePercent=20
-XX:MaxGCPauseMillis=50
-XX:G1HeapRegionSize=32m
-XX:-UseAdaptiveSizePolicy
-XX:-OmitStackTraceInFastThrow
-XX:-DontCompileHugeMethods
-Dfml.ignoreInvalidMinecraftCertificates=true
-Dfml.ignorePatchDiscrepancies=true
-XX:HeapDumpPath=MojangTricksIntelDriversForPerformance_javaw.exe_minecraft.exe.heapdump
-Djava.library.path=F:\Desktop\all_in_1\games\..\data\ccs\mps\4\.minecraft\versions\MTR1.20.4\natives-windows-x86_64
-Djna.tmpdir=F:\Desktop\all_in_1\games\..\data\ccs\mps\4\.minecraft\versions\MTR1.20.4\natives-windows-x86_64
-Dorg.lwjgl.system.SharedLibraryExtractPath=F:\Desktop\all_in_1\games\..\data\ccs\mps\4\.minecraft\versions\MTR1.20.4\natives-windows-x86_64
-Dio.netty.native.workdir=F:\Desktop\all_in_1\games\..\data\ccs\mps\4\.minecraft\versions\MTR1.20.4\natives-windows-x86_64
-Dminecraft.launcher.brand=HMCL
-Dminecraft.launcher.version=3.6.11.269
[20:05:52] [Render thread/INFO]: :  __  __ _                            __ _
[20:05:52] [Render thread/INFO]: : |  \/  (_)                          / _| |
[20:05:52] [Render thread/INFO]: : | \  / |_ _ __   ___  ___ _ __ __ _| |_| |_
[20:05:52] [Render thread/INFO]: : | |\/| | | '_ \ / _ \/ __| '__/ _` |  _| __|
[20:05:52] [Render thread/INFO]: : | |  | | | | | |  __/ (__| | | (_| | | | |_
[20:05:52] [Render thread/INFO]: : |_|__|_|_|_| |_|\___|\___|_|_ \__,_|_|  \__|
[20:05:52] [Render thread/INFO]: : |__   __|                (_) |
[20:05:52] [Render thread/INFO]: :    | |_ __ __ _ _ __  ___ _| |_
[20:05:52] [Render thread/INFO]: :    | | '__/ _` | '_ \/ __| | __|
[20:05:52] [Render thread/INFO]: :    | | | | (_| | | | \__ \ | |_
[20:05:52] [Render thread/INFO]: :    |_|_|  \__,_|_| |_|___/_|\__|
[20:05:52] [Render thread/INFO]: :  _____       _ _
[20:05:52] [Render thread/INFO]: : |  __ \     (_) |
[20:05:52] [Render thread/INFO]: : | |__) |__ _ _| |_      ____ _ _   _
[20:05:52] [Render thread/INFO]: : |  _  // _` | | \ \ /\ / / _` | | | |
[20:05:52] [Render thread/INFO]: : | | \ \ (_| | | |\ V  V / (_| | |_| |
[20:05:52] [Render thread/INFO]: : |_|  \_\__,_|_|_| \_/\_/ \__,_|\__, |
[20:05:52] [Render thread/INFO]: :                                 __/ |
[20:05:52] [Render thread/INFO]: :                                |___/ (4.0.0-beta.15+1.20.4)
[20:05:52] [Render thread/INFO]: :
[20:05:53] [Download-2/ERROR]: Failed to fetch user properties
com.mojang.authlib.exceptions.InvalidCredentialsException: Status: 401
        at com.mojang.authlib.exceptions.MinecraftClientHttpException.toAuthenticationException(MinecraftClientHttpException.java:59) ~[authlib-6.0.52.jar:?]
        at com.mojang.authlib.yggdrasil.YggdrasilUserApiService.fetchProperties(YggdrasilUserApiService.java:150) ~[authlib-6.0.52.jar:?]
        at net.minecraft.class_310.method_55608(class_310.java:467) ~[client-intermediary.jar:?]
        at java.util.concurrent.CompletableFuture$AsyncSupply.run(CompletableFuture.java:1768) ~[?:?]
        at java.util.concurrent.ThreadPoolExecutor.runWorker(ThreadPoolExecutor.java:1136) ~[?:?]
        at java.util.concurrent.ThreadPoolExecutor$Worker.run(ThreadPoolExecutor.java:635) ~[?:?]
        at java.lang.Thread.run(Thread.java:842) ~[?:?]
Caused by: com.mojang.authlib.exceptions.MinecraftClientHttpException: Status: 401
        at com.mojang.authlib.minecraft.client.MinecraftClient.readInputStream(MinecraftClient.java:100) ~[authlib-6.0.52.jar:?]
        at com.mojang.authlib.minecraft.client.MinecraftClient.get(MinecraftClient.java:57) ~[authlib-6.0.52.jar:?]
        at com.mojang.authlib.yggdrasil.YggdrasilUserApiService.fetchProperties(YggdrasilUserApiService.java:121) ~[authlib-6.0.52.jar:?]
        ... 5 more
[20:05:53] [Render thread/INFO]: Registering Minecraft Transit Railway blocks
[20:05:53] [Render thread/INFO]: Registering Minecraft Transit Railway items
[20:05:53] [Render thread/INFO]: Registering Minecraft Transit Railway block entity types
[20:05:53] [Render thread/INFO]: Registering Minecraft Transit Railway entity types
[20:05:53] [Render thread/INFO]: Registering Minecraft Transit Railway creative mode tabs
[20:05:53] [Render thread/INFO]: Registering Minecraft Transit Railway sound events
[20:05:53] [Render thread/INFO]: Minecraft Mappings logging enabled
[20:05:53] [Render thread/INFO]: [Indigo] Registering Indigo renderer!
[20:05:53] [Render thread/INFO]: Registering Minecraft Transit Railway key bindings
[20:05:54] [Render thread/INFO]: Resource pack version check completed in 100 ms
[20:05:54] [Render thread/INFO]: Backend library: LWJGL version 3.3.2-snapshot
[20:05:57] [Render thread/INFO]: Reloading ResourceManager: vanilla, fabric, fabric-api, fabric-api-base, fabric-api-lookup-api-v1, fabric-biome-api-v1, fabric-block-api-v1, fabric-block-view-api-v2, fabric-blockrenderlayer-v1, fabric-client-tags-api-v1, fabric-command-api-v1, fabric-command-api-v2, fabric-commands-v0, fabric-containers-v0, fabric-content-registries-v0, fabric-convention-tags-v1, fabric-crash-report-info-v1, fabric-data-attachment-api-v1, fabric-data-generation-api-v1, fabric-dimensions-v1, fabric-entity-events-v1, fabric-events-interaction-v0, fabric-events-lifecycle-v0, fabric-game-rule-api-v1, fabric-item-api-v1, fabric-item-group-api-v1, fabric-key-binding-api-v1, fabric-keybindings-v0, fabric-lifecycle-events-v1, fabric-loot-api-v2, fabric-message-api-v1, fabric-mining-level-api-v1, fabric-model-loading-api-v1, fabric-models-v0, fabric-networking-api-v1, fabric-object-builder-api-v1, fabric-particles-v1, fabric-recipe-api-v1, fabric-registry-sync-v0, fabric-renderer-api-v1, fabric-renderer-indigo, fabric-renderer-registries-v1, fabric-rendering-data-attachment-v1, fabric-rendering-fluids-v1, fabric-rendering-v0, fabric-rendering-v1, fabric-resource-conditions-api-v1, fabric-resource-loader-v0, fabric-screen-api-v1, fabric-screen-handler-api-v1, fabric-sound-api-v1, fabric-transfer-api-v1, fabric-transitive-access-wideners-v1, fabricloader, mtr
[20:05:57] [Worker-Main-1/ERROR]: Failed to retrieve profile key pair
com.mojang.authlib.exceptions.MinecraftClientHttpException: Status: 401
        at com.mojang.authlib.minecraft.client.MinecraftClient.readInputStream(MinecraftClient.java:100) ~[authlib-6.0.52.jar:?]
        at com.mojang.authlib.minecraft.client.MinecraftClient.post(MinecraftClient.java:65) ~[authlib-6.0.52.jar:?]
        at com.mojang.authlib.yggdrasil.YggdrasilUserApiService.getKeyPair(YggdrasilUserApiService.java:61) ~[authlib-6.0.52.jar:?]
        at net.minecraft.class_7434.method_43605(class_7434.java:130) ~[client-intermediary.jar:?]
        at net.minecraft.class_7434.method_44291(class_7434.java:79) ~[client-intermediary.jar:?]
        at java.util.concurrent.CompletableFuture$AsyncSupply.run(CompletableFuture.java:1768) ~[?:?]
        at java.util.concurrent.CompletableFuture$AsyncSupply.exec(CompletableFuture.java:1760) ~[?:?]
        at java.util.concurrent.ForkJoinTask.doExec(ForkJoinTask.java:373) ~[?:?]
        at java.util.concurrent.ForkJoinPool$WorkQueue.topLevelExec(ForkJoinPool.java:1182) ~[?:?]
        at java.util.concurrent.ForkJoinPool.scan(ForkJoinPool.java:1655) ~[?:?]
        at java.util.concurrent.ForkJoinPool.runWorker(ForkJoinPool.java:1622) ~[?:?]
        at java.util.concurrent.ForkJoinWorkerThread.run(ForkJoinWorkerThread.java:165) ~[?:?]
[20:05:57] [Worker-Main-4/INFO]: Found unifont_all_no_pua-15.1.04.hex, loading
[20:05:57] [Worker-Main-1/WARN]: File mtr:sounds/minecart/loop.ogg does not exist, cannot add it to event mtr:minecart_loop
[20:05:57] [Worker-Main-1/WARN]: File mtr:sounds/minecart/motor4.ogg does not exist, cannot add it to event mtr:minecart_motor4
[20:05:57] [Worker-Main-1/WARN]: File mtr:sounds/minecart/motor3.ogg does not exist, cannot add it to event mtr:minecart_motor3
[20:05:58] [Worker-Main-3/WARN]: Texture mtr:block/psd_door_bottom_right_1 with size 72x36 limits mip level from 4 to 2
[20:05:58] [Worker-Main-3/WARN]: minecraft:textures/atlas/blocks.png: dropping miplevel from 4 to 2, because of minimum power of two: 4
[20:06:01] [Render thread/WARN]: Missing sound for event: minecraft:item.goat_horn.play
[20:06:01] [Render thread/WARN]: Missing sound for event: minecraft:entity.goat.screaming.horn_break
[20:06:01] [Render thread/WARN]: Missing sound for event: minecraft:entity.generic.wind_burst
[20:06:01] [Render thread/INFO]: OpenAL initialized on device OpenAL Soft on 扬声器 (Realtek(R) Audio)
[20:06:01] [Render thread/INFO]: Sound engine started
[20:06:02] [Render thread/INFO]: Created: 4096x2048x2 minecraft:textures/atlas/blocks.png-atlas
[20:06:02] [Render thread/INFO]: Created: 256x256x4 minecraft:textures/atlas/signs.png-atlas
[20:06:02] [Render thread/INFO]: Created: 512x512x4 minecraft:textures/atlas/shield_patterns.png-atlas
[20:06:02] [Render thread/INFO]: Created: 512x512x4 minecraft:textures/atlas/banner_patterns.png-atlas
[20:06:02] [Render thread/INFO]: Created: 1024x1024x4 minecraft:textures/atlas/armor_trims.png-atlas
[20:06:02] [Render thread/INFO]: Created: 128x64x4 minecraft:textures/atlas/decorated_pot.png-atlas
[20:06:02] [Render thread/INFO]: Created: 256x256x4 minecraft:textures/atlas/chest.png-atlas
[20:06:02] [Render thread/INFO]: Created: 512x256x4 minecraft:textures/atlas/shulker_boxes.png-atlas
[20:06:02] [Render thread/INFO]: Created: 512x256x4 minecraft:textures/atlas/beds.png-atlas
[20:06:02] [Render thread/WARN]: Shader rendertype_entity_translucent_emissive could not find sampler named Sampler2 in the specified shader program.
[20:06:02] [Render thread/INFO]: Created: 512x256x0 minecraft:textures/atlas/particles.png-atlas
[20:06:02] [Render thread/INFO]: Created: 256x256x0 minecraft:textures/atlas/paintings.png-atlas
[20:06:02] [Render thread/INFO]: Created: 128x128x0 minecraft:textures/atlas/mob_effects.png-atlas
[20:06:02] [Render thread/INFO]: Created: 1024x512x0 minecraft:textures/atlas/gui.png-atlas
[20:06:15] [Render thread/WARN]: Vehicle doors overlapping! Door X and Z multipliers were probably set incorrectly (mtr:properties/vehicle/s700_cab_1.json)
[20:06:15] [Render thread/WARN]: Vehicle doors overlapping! Door X and Z multipliers were probably set incorrectly (mtr:properties/vehicle/s700_low_floor_cab_1.json)
[20:06:15] [Render thread/WARN]: Vehicle doors overlapping! Door X and Z multipliers were probably set incorrectly (mtr:properties/vehicle/s700_cab_2.json)
[20:06:15] [Render thread/WARN]: Vehicle doors overlapping! Door X and Z multipliers were probably set incorrectly (mtr:properties/vehicle/s700_low_floor_cab_2.json)
[20:06:52] [Render thread/INFO]: Loaded 399 vehicles and completed door movement validation in 44.9769 ms
[20:06:52] [Render thread/INFO]: Loaded 131 signs
[20:06:52] [Render thread/INFO]: Loaded 3 rails
[20:06:52] [Render thread/INFO]: Loaded 1 objects
[20:06:52] [IO-Worker-1/INFO]: Could not authorize you against Realms server: Invalid session id
[20:06:52] [IO-Worker-1/ERROR]: Couldn't connect to realms
net.minecraft.class_4355: Realms authentication error with message 'Invalid session id'
        at net.minecraft.class_4341.method_20998(class_4341.java:447) ~[client-intermediary.jar:?]
        at net.minecraft.class_4341.method_21027(class_4341.java:232) ~[client-intermediary.jar:?]
        at net.minecraft.class_8647.method_52627(class_8647.java:45) ~[client-intermediary.jar:?]
        at java.util.concurrent.CompletableFuture$AsyncSupply.run(CompletableFuture.java:1768) ~[?:?]
        at java.util.concurrent.ThreadPoolExecutor.runWorker(ThreadPoolExecutor.java:1136) ~[?:?]
        at java.util.concurrent.ThreadPoolExecutor$Worker.run(ThreadPoolExecutor.java:635) ~[?:?]
        at java.lang.Thread.run(Thread.java:842) ~[?:?]
[20:07:12] [Render thread/INFO]: Loaded 7 recipes
[20:07:14] [Render thread/INFO]: Loaded 1271 advancements
[20:07:31] [Render thread/INFO]: Applied 0 biome modifications to 0 of 64 new biomes in 2.437 ms
[20:07:32] [Server thread/INFO]: Starting integrated minecraft server version 1.20.4
[20:07:32] [Server thread/INFO]: Generating keypair
[20:07:33] [Server thread/INFO]: Preparing start region for dimension minecraft:overworld

Exception: java.lang.OutOfMemoryError thrown from the UncaughtExceptionHandler in thread "IO-Worker-1"